------------------------------------------------------------
Timing Analyzer Summary
------------------------------------------------------------

Type  : Slow 1200mV 85C Model Setup 'ClockSet'
Slack : -3.421
TNS   : -15.354

Type  : Slow 1200mV 85C Model Setup 'clock'
Slack : -2.583
TNS   : -22.717

Type  : Slow 1200mV 85C Model Setup 'fullClock:HrClock|debouncer:b2v_inst12|clock_divider_1024:b2v_inst|inst10'
Slack : -2.308
TNS   : -6.584

Type  : Slow 1200mV 85C Model Setup '60count:inst14|debouncer:b2v_inst19|clock_divider_1024:b2v_inst|inst10'
Slack : -2.294
TNS   : -6.527

Type  : Slow 1200mV 85C Model Setup 'debouncer:hrsetdebounce|clock_divider_1024:b2v_inst|inst10'
Slack : -2.251
TNS   : -6.557

Type  : Slow 1200mV 85C Model Setup 'debouncer:inst32|clock_divider_1024:b2v_inst|inst10'
Slack : -2.249
TNS   : -6.865

Type  : Slow 1200mV 85C Model Setup '60count:inst14|debouncer:b2v_inst19|Smooth'
Slack : -1.291
TNS   : -4.951

Type  : Slow 1200mV 85C Model Setup 'fullClock:HrClock|debouncer:b2v_inst12|Smooth'
Slack : -1.088
TNS   : -4.750

Type  : Slow 1200mV 85C Model Setup 'clockGenerator:inst1|divide_by_10:b2v_int6|divide_by_2:b2v_div2|divide_by_2'
Slack : -1.034
TNS   : -2.012

Type  : Slow 1200mV 85C Model Setup 'clockGenerator:inst1|divide_by_10:b2v_inst1|divide_by_2:b2v_div2|divide_by_2'
Slack : -1.033
TNS   : -2.193

Type  : Slow 1200mV 85C Model Setup 'clockGenerator:inst1|divide_by_10:b2v_inst2|divide_by_2:b2v_div2|divide_by_2'
Slack : -0.909
TNS   : -1.805

Type  : Slow 1200mV 85C Model Setup 'clockGenerator:inst1|divide_by_10:b2v_inst4|divide_by_2:b2v_div2|divide_by_2'
Slack : -0.857
TNS   : -2.078

Type  : Slow 1200mV 85C Model Setup 'clockGenerator:inst1|divide_by_10:b2v_inst3|divide_by_2:b2v_div2|divide_by_2'
Slack : -0.848
TNS   : -2.260

Type  : Slow 1200mV 85C Model Setup 'clockGenerator:inst1|divide_by_2:b2v_inst12|divide_by_2'
Slack : -0.780
TNS   : -2.838

Type  : Slow 1200mV 85C Model Setup 'clockGenerator:inst1|divide_by_10:b2v_inst5|divide_by_2:b2v_div2|divide_by_2'
Slack : -0.737
TNS   : -1.719

Type  : Slow 1200mV 85C Model Setup 'clockGenerator:inst1|divide_by_10:b2v_inst7|divide_by_2:b2v_div2|divide_by_2'
Slack : -0.697
TNS   : -1.884

Type  : Slow 1200mV 85C Model Setup 'clockGenerator:inst1|divide_by_10:b2v_int6|divide_by_5:b2v_div5|SYNTHESIZED_WIRE_10'
Slack : -0.417
TNS   : -0.417

Type  : Slow 1200mV 85C Model Setup 'clockGenerator:inst1|divide_by_10:b2v_inst2|divide_by_5:b2v_div5|SYNTHESIZED_WIRE_10'
Slack : -0.344
TNS   : -0.344

Type  : Slow 1200mV 85C Model Setup 'clockGenerator:inst1|divide_by_5:b2v_inst|SYNTHESIZED_WIRE_10'
Slack : -0.331
TNS   : -0.331

Type  : Slow 1200mV 85C Model Setup 'clockGenerator:inst1|divide_by_10:b2v_inst1|divide_by_5:b2v_div5|SYNTHESIZED_WIRE_10'
Slack : -0.296
TNS   : -0.296

Type  : Slow 1200mV 85C Model Setup 'clockGenerator:inst1|divide_by_10:b2v_inst4|divide_by_5:b2v_div5|SYNTHESIZED_WIRE_10'
Slack : -0.274
TNS   : -0.274

Type  : Slow 1200mV 85C Model Setup 'clockGenerator:inst1|divide_by_10:b2v_inst7|divide_by_5:b2v_div5|SYNTHESIZED_WIRE_10'
Slack : -0.142
TNS   : -0.142

Type  : Slow 1200mV 85C Model Setup 'clockGenerator:inst1|divide_by_10:b2v_inst5|divide_by_5:b2v_div5|SYNTHESIZED_WIRE_10'
Slack : -0.079
TNS   : -0.079

Type  : Slow 1200mV 85C Model Setup 'clockGenerator:inst1|divide_by_10:b2v_inst3|divide_by_5:b2v_div5|SYNTHESIZED_WIRE_10'
Slack : -0.065
TNS   : -0.065

Type  : Slow 1200mV 85C Model Hold 'clockGenerator:inst1|divide_by_10:b2v_inst5|divide_by_5:b2v_div5|SYNTHESIZED_WIRE_10'
Slack : 0.040
TNS   : 0.000

Type  : Slow 1200mV 85C Model Hold 'clockGenerator:inst1|divide_by_10:b2v_inst7|divide_by_5:b2v_div5|SYNTHESIZED_WIRE_10'
Slack : 0.097
TNS   : 0.000

Type  : Slow 1200mV 85C Model Hold 'clockGenerator:inst1|divide_by_10:b2v_inst2|divide_by_5:b2v_div5|SYNTHESIZED_WIRE_10'
Slack : 0.233
TNS   : 0.000

Type  : Slow 1200mV 85C Model Hold 'clockGenerator:inst1|divide_by_10:b2v_inst4|divide_by_5:b2v_div5|SYNTHESIZED_WIRE_10'
Slack : 0.237
TNS   : 0.000

Type  : Slow 1200mV 85C Model Hold 'clockGenerator:inst1|divide_by_10:b2v_inst3|divide_by_5:b2v_div5|SYNTHESIZED_WIRE_10'
Slack : 0.292
TNS   : 0.000

Type  : Slow 1200mV 85C Model Hold 'clockGenerator:inst1|divide_by_5:b2v_inst|SYNTHESIZED_WIRE_10'
Slack : 0.292
TNS   : 0.000

Type  : Slow 1200mV 85C Model Hold 'clockGenerator:inst1|divide_by_10:b2v_inst4|divide_by_2:b2v_div2|divide_by_2'
Slack : 0.315
TNS   : 0.000

Type  : Slow 1200mV 85C Model Hold 'clockGenerator:inst1|divide_by_10:b2v_inst2|divide_by_2:b2v_div2|divide_by_2'
Slack : 0.369
TNS   : 0.000

Type  : Slow 1200mV 85C Model Hold 'ClockSet'
Slack : 0.392
TNS   : 0.000

Type  : Slow 1200mV 85C Model Hold 'clock'
Slack : 0.401
TNS   : 0.000

Type  : Slow 1200mV 85C Model Hold '60count:inst14|debouncer:b2v_inst19|clock_divider_1024:b2v_inst|inst10'
Slack : 0.402
TNS   : 0.000

Type  : Slow 1200mV 85C Model Hold 'fullClock:HrClock|debouncer:b2v_inst12|clock_divider_1024:b2v_inst|inst10'
Slack : 0.402
TNS   : 0.000

Type  : Slow 1200mV 85C Model Hold 'debouncer:hrsetdebounce|clock_divider_1024:b2v_inst|inst10'
Slack : 0.403
TNS   : 0.000

Type  : Slow 1200mV 85C Model Hold 'clockGenerator:inst1|divide_by_2:b2v_inst12|divide_by_2'
Slack : 0.404
TNS   : 0.000

Type  : Slow 1200mV 85C Model Hold 'debouncer:inst32|clock_divider_1024:b2v_inst|inst10'
Slack : 0.404
TNS   : 0.000

Type  : Slow 1200mV 85C Model Hold 'clockGenerator:inst1|divide_by_10:b2v_inst1|divide_by_5:b2v_div5|SYNTHESIZED_WIRE_10'
Slack : 0.418
TNS   : 0.000

Type  : Slow 1200mV 85C Model Hold 'clockGenerator:inst1|divide_by_10:b2v_int6|divide_by_5:b2v_div5|SYNTHESIZED_WIRE_10'
Slack : 0.425
TNS   : 0.000

Type  : Slow 1200mV 85C Model Hold 'clockGenerator:inst1|divide_by_10:b2v_inst7|divide_by_2:b2v_div2|divide_by_2'
Slack : 0.477
TNS   : 0.000

Type  : Slow 1200mV 85C Model Hold 'clockGenerator:inst1|divide_by_10:b2v_int6|divide_by_2:b2v_div2|divide_by_2'
Slack : 0.481
TNS   : 0.000

Type  : Slow 1200mV 85C Model Hold 'clockGenerator:inst1|divide_by_10:b2v_inst5|divide_by_2:b2v_div2|divide_by_2'
Slack : 0.486
TNS   : 0.000

Type  : Slow 1200mV 85C Model Hold 'clockGenerator:inst1|divide_by_10:b2v_inst1|divide_by_2:b2v_div2|divide_by_2'
Slack : 0.493
TNS   : 0.000

Type  : Slow 1200mV 85C Model Hold 'clockGenerator:inst1|divide_by_10:b2v_inst3|divide_by_2:b2v_div2|divide_by_2'
Slack : 0.533
TNS   : 0.000

Type  : Slow 1200mV 85C Model Hold '60count:inst14|debouncer:b2v_inst19|Smooth'
Slack : 0.805
TNS   : 0.000

Type  : Slow 1200mV 85C Model Hold 'fullClock:HrClock|debouncer:b2v_inst12|Smooth'
Slack : 1.263
TNS   : 0.000

Type  : Slow 1200mV 85C Model Recovery 'ClockSet'
Slack : -3.333
TNS   : -18.894

Type  : Slow 1200mV 85C Model Recovery 'clock'
Slack : -1.835
TNS   : -5.223

Type  : Slow 1200mV 85C Model Recovery '60count:inst14|debouncer:b2v_inst19|Smooth'
Slack : -1.639
TNS   : -9.834

Type  : Slow 1200mV 85C Model Recovery 'clockGenerator:inst1|divide_by_2:b2v_inst12|divide_by_2'
Slack : -1.453
TNS   : -8.632

Type  : Slow 1200mV 85C Model Recovery 'clockGenerator:inst1|divide_by_10:b2v_inst7|divide_by_2:b2v_div2|divide_by_2'
Slack : -1.107
TNS   : -3.316

Type  : Slow 1200mV 85C Model Recovery 'clockGenerator:inst1|divide_by_10:b2v_inst4|divide_by_2:b2v_div2|divide_by_2'
Slack : -1.100
TNS   : -3.295

Type  : Slow 1200mV 85C Model Recovery 'clockGenerator:inst1|divide_by_10:b2v_inst5|divide_by_2:b2v_div2|divide_by_2'
Slack : -1.095
TNS   : -3.281

Type  : Slow 1200mV 85C Model Recovery 'fullClock:HrClock|debouncer:b2v_inst12|Smooth'
Slack : -1.071
TNS   : -5.355

Type  : Slow 1200mV 85C Model Recovery 'clockGenerator:inst1|divide_by_10:b2v_inst2|divide_by_2:b2v_div2|divide_by_2'
Slack : -0.947
TNS   : -2.837

Type  : Slow 1200mV 85C Model Recovery 'clockGenerator:inst1|divide_by_10:b2v_inst1|divide_by_2:b2v_div2|divide_by_2'
Slack : -0.942
TNS   : -2.822

Type  : Slow 1200mV 85C Model Recovery 'clockGenerator:inst1|divide_by_10:b2v_inst3|divide_by_2:b2v_div2|divide_by_2'
Slack : -0.938
TNS   : -2.810

Type  : Slow 1200mV 85C Model Recovery 'clockGenerator:inst1|divide_by_10:b2v_int6|divide_by_2:b2v_div2|divide_by_2'
Slack : -0.938
TNS   : -2.810

Type  : Slow 1200mV 85C Model Removal 'clockGenerator:inst1|divide_by_10:b2v_inst2|divide_by_2:b2v_div2|divide_by_2'
Slack : 0.396
TNS   : 0.000

Type  : Slow 1200mV 85C Model Removal 'clockGenerator:inst1|divide_by_10:b2v_inst4|divide_by_2:b2v_div2|divide_by_2'
Slack : 0.466
TNS   : 0.000

Type  : Slow 1200mV 85C Model Removal 'clockGenerator:inst1|divide_by_10:b2v_inst1|divide_by_2:b2v_div2|divide_by_2'
Slack : 0.578
TNS   : 0.000

Type  : Slow 1200mV 85C Model Removal 'clockGenerator:inst1|divide_by_10:b2v_inst3|divide_by_2:b2v_div2|divide_by_2'
Slack : 0.578
TNS   : 0.000

Type  : Slow 1200mV 85C Model Removal 'clockGenerator:inst1|divide_by_10:b2v_int6|divide_by_2:b2v_div2|divide_by_2'
Slack : 0.601
TNS   : 0.000

Type  : Slow 1200mV 85C Model Removal 'clockGenerator:inst1|divide_by_10:b2v_inst7|divide_by_2:b2v_div2|divide_by_2'
Slack : 0.630
TNS   : 0.000

Type  : Slow 1200mV 85C Model Removal 'clockGenerator:inst1|divide_by_10:b2v_inst5|divide_by_2:b2v_div2|divide_by_2'
Slack : 0.669
TNS   : 0.000

Type  : Slow 1200mV 85C Model Removal 'ClockSet'
Slack : 0.717
TNS   : 0.000

Type  : Slow 1200mV 85C Model Removal 'clock'
Slack : 1.187
TNS   : 0.000

Type  : Slow 1200mV 85C Model Removal 'fullClock:HrClock|debouncer:b2v_inst12|Smooth'
Slack : 1.486
TNS   : 0.000

Type  : Slow 1200mV 85C Model Removal 'clockGenerator:inst1|divide_by_2:b2v_inst12|divide_by_2'
Slack : 1.487
TNS   : 0.000

Type  : Slow 1200mV 85C Model Removal '60count:inst14|debouncer:b2v_inst19|Smooth'
Slack : 1.662
TNS   : 0.000

Type  : Slow 1200mV 85C Model Minimum Pulse Width 'clock'
Slack : -3.000
TNS   : -37.695

Type  : Slow 1200mV 85C Model Minimum Pulse Width 'ClockSet'
Slack : -3.000
TNS   : -17.135

Type  : Slow 1200mV 85C Model Minimum Pulse Width '60count:inst14|debouncer:b2v_inst19|clock_divider_1024:b2v_inst|inst10'
Slack : -1.285
TNS   : -12.850

Type  : Slow 1200mV 85C Model Minimum Pulse Width 'debouncer:hrsetdebounce|clock_divider_1024:b2v_inst|inst10'
Slack : -1.285
TNS   : -12.850

Type  : Slow 1200mV 85C Model Minimum Pulse Width 'debouncer:inst32|clock_divider_1024:b2v_inst|inst10'
Slack : -1.285
TNS   : -12.850

Type  : Slow 1200mV 85C Model Minimum Pulse Width 'fullClock:HrClock|debouncer:b2v_inst12|clock_divider_1024:b2v_inst|inst10'
Slack : -1.285
TNS   : -12.850

Type  : Slow 1200mV 85C Model Minimum Pulse Width 'clockGenerator:inst1|divide_by_2:b2v_inst12|divide_by_2'
Slack : -1.285
TNS   : -10.280

Type  : Slow 1200mV 85C Model Minimum Pulse Width '60count:inst14|debouncer:b2v_inst19|Smooth'
Slack : -1.285
TNS   : -7.710

Type  : Slow 1200mV 85C Model Minimum Pulse Width 'fullClock:HrClock|debouncer:b2v_inst12|Smooth'
Slack : -1.285
TNS   : -6.425

Type  : Slow 1200mV 85C Model Minimum Pulse Width 'clockGenerator:inst1|divide_by_10:b2v_inst1|divide_by_2:b2v_div2|divide_by_2'
Slack : -1.285
TNS   : -3.855

Type  : Slow 1200mV 85C Model Minimum Pulse Width 'clockGenerator:inst1|divide_by_10:b2v_inst2|divide_by_2:b2v_div2|divide_by_2'
Slack : -1.285
TNS   : -3.855

Type  : Slow 1200mV 85C Model Minimum Pulse Width 'clockGenerator:inst1|divide_by_10:b2v_inst3|divide_by_2:b2v_div2|divide_by_2'
Slack : -1.285
TNS   : -3.855

Type  : Slow 1200mV 85C Model Minimum Pulse Width 'clockGenerator:inst1|divide_by_10:b2v_inst4|divide_by_2:b2v_div2|divide_by_2'
Slack : -1.285
TNS   : -3.855

Type  : Slow 1200mV 85C Model Minimum Pulse Width 'clockGenerator:inst1|divide_by_10:b2v_inst5|divide_by_2:b2v_div2|divide_by_2'
Slack : -1.285
TNS   : -3.855

Type  : Slow 1200mV 85C Model Minimum Pulse Width 'clockGenerator:inst1|divide_by_10:b2v_inst7|divide_by_2:b2v_div2|divide_by_2'
Slack : -1.285
TNS   : -3.855

Type  : Slow 1200mV 85C Model Minimum Pulse Width 'clockGenerator:inst1|divide_by_10:b2v_int6|divide_by_2:b2v_div2|divide_by_2'
Slack : -1.285
TNS   : -3.855

Type  : Slow 1200mV 85C Model Minimum Pulse Width '60count:inst14|debouncer:b2v_inst19|clock_divider_1024:b2v_inst1|inst10'
Slack : -1.285
TNS   : -1.285

Type  : Slow 1200mV 85C Model Minimum Pulse Width 'clockGenerator:inst1|divide_by_10:b2v_inst1|divide_by_5:b2v_div5|SYNTHESIZED_WIRE_10'
Slack : -1.285
TNS   : -1.285

Type  : Slow 1200mV 85C Model Minimum Pulse Width 'clockGenerator:inst1|divide_by_10:b2v_inst2|divide_by_5:b2v_div5|SYNTHESIZED_WIRE_10'
Slack : -1.285
TNS   : -1.285

Type  : Slow 1200mV 85C Model Minimum Pulse Width 'clockGenerator:inst1|divide_by_10:b2v_inst3|divide_by_5:b2v_div5|SYNTHESIZED_WIRE_10'
Slack : -1.285
TNS   : -1.285

Type  : Slow 1200mV 85C Model Minimum Pulse Width 'clockGenerator:inst1|divide_by_10:b2v_inst4|divide_by_5:b2v_div5|SYNTHESIZED_WIRE_10'
Slack : -1.285
TNS   : -1.285

Type  : Slow 1200mV 85C Model Minimum Pulse Width 'clockGenerator:inst1|divide_by_10:b2v_inst5|divide_by_5:b2v_div5|SYNTHESIZED_WIRE_10'
Slack : -1.285
TNS   : -1.285

Type  : Slow 1200mV 85C Model Minimum Pulse Width 'clockGenerator:inst1|divide_by_10:b2v_inst7|divide_by_5:b2v_div5|SYNTHESIZED_WIRE_10'
Slack : -1.285
TNS   : -1.285

Type  : Slow 1200mV 85C Model Minimum Pulse Width 'clockGenerator:inst1|divide_by_10:b2v_int6|divide_by_5:b2v_div5|SYNTHESIZED_WIRE_10'
Slack : -1.285
TNS   : -1.285

Type  : Slow 1200mV 85C Model Minimum Pulse Width 'clockGenerator:inst1|divide_by_5:b2v_inst|SYNTHESIZED_WIRE_10'
Slack : -1.285
TNS   : -1.285

Type  : Slow 1200mV 85C Model Minimum Pulse Width 'debouncer:hrsetdebounce|clock_divider_1024:b2v_inst1|inst10'
Slack : -1.285
TNS   : -1.285

Type  : Slow 1200mV 85C Model Minimum Pulse Width 'debouncer:inst32|clock_divider_1024:b2v_inst1|inst10'
Slack : -1.285
TNS   : -1.285

Type  : Slow 1200mV 85C Model Minimum Pulse Width 'fullClock:HrClock|debouncer:b2v_inst12|clock_divider_1024:b2v_inst1|inst10'
Slack : -1.285
TNS   : -1.285

Type  : Slow 1200mV 0C Model Setup 'ClockSet'
Slack : -2.994
TNS   : -13.092

Type  : Slow 1200mV 0C Model Setup 'clock'
Slack : -2.266
TNS   : -17.994

Type  : Slow 1200mV 0C Model Setup 'fullClock:HrClock|debouncer:b2v_inst12|clock_divider_1024:b2v_inst|inst10'
Slack : -2.028
TNS   : -5.151

Type  : Slow 1200mV 0C Model Setup '60count:inst14|debouncer:b2v_inst19|clock_divider_1024:b2v_inst|inst10'
Slack : -2.014
TNS   : -5.161

Type  : Slow 1200mV 0C Model Setup 'debouncer:hrsetdebounce|clock_divider_1024:b2v_inst|inst10'
Slack : -1.987
TNS   : -5.144

Type  : Slow 1200mV 0C Model Setup 'debouncer:inst32|clock_divider_1024:b2v_inst|inst10'
Slack : -1.985
TNS   : -5.368

Type  : Slow 1200mV 0C Model Setup '60count:inst14|debouncer:b2v_inst19|Smooth'
Slack : -1.079
TNS   : -3.946

Type  : Slow 1200mV 0C Model Setup 'fullClock:HrClock|debouncer:b2v_inst12|Smooth'
Slack : -0.890
TNS   : -3.857

Type  : Slow 1200mV 0C Model Setup 'clockGenerator:inst1|divide_by_10:b2v_inst1|divide_by_2:b2v_div2|divide_by_2'
Slack : -0.814
TNS   : -1.741

Type  : Slow 1200mV 0C Model Setup 'clockGenerator:inst1|divide_by_10:b2v_int6|divide_by_2:b2v_div2|divide_by_2'
Slack : -0.814
TNS   : -1.595

Type  : Slow 1200mV 0C Model Setup 'clockGenerator:inst1|divide_by_10:b2v_inst2|divide_by_2:b2v_div2|divide_by_2'
Slack : -0.704
TNS   : -1.404

Type  : Slow 1200mV 0C Model Setup 'clockGenerator:inst1|divide_by_10:b2v_inst4|divide_by_2:b2v_div2|divide_by_2'
Slack : -0.662
TNS   : -1.596

Type  : Slow 1200mV 0C Model Setup 'clockGenerator:inst1|divide_by_10:b2v_inst3|divide_by_2:b2v_div2|divide_by_2'
Slack : -0.654
TNS   : -1.777

Type  : Slow 1200mV 0C Model Setup 'clockGenerator:inst1|divide_by_10:b2v_inst5|divide_by_2:b2v_div2|divide_by_2'
Slack : -0.572
TNS   : -1.354

Type  : Slow 1200mV 0C Model Setup 'clockGenerator:inst1|divide_by_10:b2v_inst7|divide_by_2:b2v_div2|divide_by_2'
Slack : -0.537
TNS   : -1.472

Type  : Slow 1200mV 0C Model Setup 'clockGenerator:inst1|divide_by_2:b2v_inst12|divide_by_2'
Slack : -0.513
TNS   : -1.683

Type  : Slow 1200mV 0C Model Setup 'clockGenerator:inst1|divide_by_10:b2v_int6|divide_by_5:b2v_div5|SYNTHESIZED_WIRE_10'
Slack : -0.300
TNS   : -0.300

Type  : Slow 1200mV 0C Model Setup 'clockGenerator:inst1|divide_by_10:b2v_inst2|divide_by_5:b2v_div5|SYNTHESIZED_WIRE_10'
Slack : -0.229
TNS   : -0.229

Type  : Slow 1200mV 0C Model Setup 'clockGenerator:inst1|divide_by_5:b2v_inst|SYNTHESIZED_WIRE_10'
Slack : -0.223
TNS   : -0.223

Type  : Slow 1200mV 0C Model Setup 'clockGenerator:inst1|divide_by_10:b2v_inst4|divide_by_5:b2v_div5|SYNTHESIZED_WIRE_10'
Slack : -0.187
TNS   : -0.187

Type  : Slow 1200mV 0C Model Setup 'clockGenerator:inst1|divide_by_10:b2v_inst1|divide_by_5:b2v_div5|SYNTHESIZED_WIRE_10'
Slack : -0.184
TNS   : -0.184

Type  : Slow 1200mV 0C Model Setup 'clockGenerator:inst1|divide_by_10:b2v_inst7|divide_by_5:b2v_div5|SYNTHESIZED_WIRE_10'
Slack : -0.076
TNS   : -0.076

Type  : Slow 1200mV 0C Model Setup 'clockGenerator:inst1|divide_by_10:b2v_inst5|divide_by_5:b2v_div5|SYNTHESIZED_WIRE_10'
Slack : -0.017
TNS   : -0.017

Type  : Slow 1200mV 0C Model Setup 'clockGenerator:inst1|divide_by_10:b2v_inst3|divide_by_5:b2v_div5|SYNTHESIZED_WIRE_10'
Slack : -0.003
TNS   : -0.003

Type  : Slow 1200mV 0C Model Hold 'clockGenerator:inst1|divide_by_10:b2v_inst5|divide_by_5:b2v_div5|SYNTHESIZED_WIRE_10'
Slack : 0.035
TNS   : 0.000

Type  : Slow 1200mV 0C Model Hold 'clockGenerator:inst1|divide_by_10:b2v_inst7|divide_by_5:b2v_div5|SYNTHESIZED_WIRE_10'
Slack : 0.083
TNS   : 0.000

Type  : Slow 1200mV 0C Model Hold 'clockGenerator:inst1|divide_by_10:b2v_inst2|divide_by_5:b2v_div5|SYNTHESIZED_WIRE_10'
Slack : 0.180
TNS   : 0.000

Type  : Slow 1200mV 0C Model Hold 'clockGenerator:inst1|divide_by_10:b2v_inst4|divide_by_5:b2v_div5|SYNTHESIZED_WIRE_10'
Slack : 0.206
TNS   : 0.000

Type  : Slow 1200mV 0C Model Hold 'clockGenerator:inst1|divide_by_5:b2v_inst|SYNTHESIZED_WIRE_10'
Slack : 0.243
TNS   : 0.000

Type  : Slow 1200mV 0C Model Hold 'clockGenerator:inst1|divide_by_10:b2v_inst3|divide_by_5:b2v_div5|SYNTHESIZED_WIRE_10'
Slack : 0.264
TNS   : 0.000

Type  : Slow 1200mV 0C Model Hold 'clockGenerator:inst1|divide_by_10:b2v_inst4|divide_by_2:b2v_div2|divide_by_2'
Slack : 0.270
TNS   : 0.000

Type  : Slow 1200mV 0C Model Hold 'clockGenerator:inst1|divide_by_10:b2v_inst2|divide_by_2:b2v_div2|divide_by_2'
Slack : 0.324
TNS   : 0.000

Type  : Slow 1200mV 0C Model Hold 'clockGenerator:inst1|divide_by_10:b2v_inst1|divide_by_5:b2v_div5|SYNTHESIZED_WIRE_10'
Slack : 0.340
TNS   : 0.000

Type  : Slow 1200mV 0C Model Hold 'ClockSet'
Slack : 0.351
TNS   : 0.000

Type  : Slow 1200mV 0C Model Hold '60count:inst14|debouncer:b2v_inst19|clock_divider_1024:b2v_inst|inst10'
Slack : 0.353
TNS   : 0.000

Type  : Slow 1200mV 0C Model Hold 'clock'
Slack : 0.353
TNS   : 0.000

Type  : Slow 1200mV 0C Model Hold 'fullClock:HrClock|debouncer:b2v_inst12|clock_divider_1024:b2v_inst|inst10'
Slack : 0.353
TNS   : 0.000

Type  : Slow 1200mV 0C Model Hold 'clockGenerator:inst1|divide_by_2:b2v_inst12|divide_by_2'
Slack : 0.355
TNS   : 0.000

Type  : Slow 1200mV 0C Model Hold 'debouncer:hrsetdebounce|clock_divider_1024:b2v_inst|inst10'
Slack : 0.355
TNS   : 0.000

Type  : Slow 1200mV 0C Model Hold 'debouncer:inst32|clock_divider_1024:b2v_inst|inst10'
Slack : 0.355
TNS   : 0.000

Type  : Slow 1200mV 0C Model Hold 'clockGenerator:inst1|divide_by_10:b2v_int6|divide_by_5:b2v_div5|SYNTHESIZED_WIRE_10'
Slack : 0.358
TNS   : 0.000

Type  : Slow 1200mV 0C Model Hold 'clockGenerator:inst1|divide_by_10:b2v_int6|divide_by_2:b2v_div2|divide_by_2'
Slack : 0.425
TNS   : 0.000

Type  : Slow 1200mV 0C Model Hold 'clockGenerator:inst1|divide_by_10:b2v_inst1|divide_by_2:b2v_div2|divide_by_2'
Slack : 0.437
TNS   : 0.000

Type  : Slow 1200mV 0C Model Hold 'clockGenerator:inst1|divide_by_10:b2v_inst5|divide_by_2:b2v_div2|divide_by_2'
Slack : 0.439
TNS   : 0.000

Type  : Slow 1200mV 0C Model Hold 'clockGenerator:inst1|divide_by_10:b2v_inst7|divide_by_2:b2v_div2|divide_by_2'
Slack : 0.466
TNS   : 0.000

Type  : Slow 1200mV 0C Model Hold 'clockGenerator:inst1|divide_by_10:b2v_inst3|divide_by_2:b2v_div2|divide_by_2'
Slack : 0.476
TNS   : 0.000

Type  : Slow 1200mV 0C Model Hold '60count:inst14|debouncer:b2v_inst19|Smooth'
Slack : 0.727
TNS   : 0.000

Type  : Slow 1200mV 0C Model Hold 'fullClock:HrClock|debouncer:b2v_inst12|Smooth'
Slack : 1.147
TNS   : 0.000

Type  : Slow 1200mV 0C Model Recovery 'ClockSet'
Slack : -3.031
TNS   : -16.701

Type  : Slow 1200mV 0C Model Recovery 'clock'
Slack : -1.577
TNS   : -4.503

Type  : Slow 1200mV 0C Model Recovery '60count:inst14|debouncer:b2v_inst19|Smooth'
Slack : -1.384
TNS   : -8.304

Type  : Slow 1200mV 0C Model Recovery 'clockGenerator:inst1|divide_by_2:b2v_inst12|divide_by_2'
Slack : -1.269
TNS   : -7.375

Type  : Slow 1200mV 0C Model Recovery 'clockGenerator:inst1|divide_by_10:b2v_inst7|divide_by_2:b2v_div2|divide_by_2'
Slack : -0.892
TNS   : -2.672

Type  : Slow 1200mV 0C Model Recovery 'clockGenerator:inst1|divide_by_10:b2v_inst4|divide_by_2:b2v_div2|divide_by_2'
Slack : -0.888
TNS   : -2.660

Type  : Slow 1200mV 0C Model Recovery 'clockGenerator:inst1|divide_by_10:b2v_inst5|divide_by_2:b2v_div2|divide_by_2'
Slack : -0.885
TNS   : -2.650

Type  : Slow 1200mV 0C Model Recovery 'fullClock:HrClock|debouncer:b2v_inst12|Smooth'
Slack : -0.864
TNS   : -4.320

Type  : Slow 1200mV 0C Model Recovery 'clockGenerator:inst1|divide_by_10:b2v_inst2|divide_by_2:b2v_div2|divide_by_2'
Slack : -0.753
TNS   : -2.254

Type  : Slow 1200mV 0C Model Recovery 'clockGenerator:inst1|divide_by_10:b2v_inst1|divide_by_2:b2v_div2|divide_by_2'
Slack : -0.749
TNS   : -2.242

Type  : Slow 1200mV 0C Model Recovery 'clockGenerator:inst1|divide_by_10:b2v_inst3|divide_by_2:b2v_div2|divide_by_2'
Slack : -0.744
TNS   : -2.227

Type  : Slow 1200mV 0C Model Recovery 'clockGenerator:inst1|divide_by_10:b2v_int6|divide_by_2:b2v_div2|divide_by_2'
Slack : -0.744
TNS   : -2.227

Type  : Slow 1200mV 0C Model Removal 'clockGenerator:inst1|divide_by_10:b2v_inst2|divide_by_2:b2v_div2|divide_by_2'
Slack : 0.351
TNS   : 0.000

Type  : Slow 1200mV 0C Model Removal 'clockGenerator:inst1|divide_by_10:b2v_inst4|divide_by_2:b2v_div2|divide_by_2'
Slack : 0.424
TNS   : 0.000

Type  : Slow 1200mV 0C Model Removal 'clockGenerator:inst1|divide_by_10:b2v_inst1|divide_by_2:b2v_div2|divide_by_2'
Slack : 0.528
TNS   : 0.000

Type  : Slow 1200mV 0C Model Removal 'clockGenerator:inst1|divide_by_10:b2v_inst3|divide_by_2:b2v_div2|divide_by_2'
Slack : 0.528
TNS   : 0.000

Type  : Slow 1200mV 0C Model Removal 'clockGenerator:inst1|divide_by_10:b2v_int6|divide_by_2:b2v_div2|divide_by_2'
Slack : 0.547
TNS   : 0.000

Type  : Slow 1200mV 0C Model Removal 'clockGenerator:inst1|divide_by_10:b2v_inst7|divide_by_2:b2v_div2|divide_by_2'
Slack : 0.589
TNS   : 0.000

Type  : Slow 1200mV 0C Model Removal 'clockGenerator:inst1|divide_by_10:b2v_inst5|divide_by_2:b2v_div2|divide_by_2'
Slack : 0.611
TNS   : 0.000

Type  : Slow 1200mV 0C Model Removal 'ClockSet'
Slack : 0.618
TNS   : 0.000

Type  : Slow 1200mV 0C Model Removal 'clock'
Slack : 1.174
TNS   : 0.000

Type  : Slow 1200mV 0C Model Removal 'fullClock:HrClock|debouncer:b2v_inst12|Smooth'
Slack : 1.358
TNS   : 0.000

Type  : Slow 1200mV 0C Model Removal 'clockGenerator:inst1|divide_by_2:b2v_inst12|divide_by_2'
Slack : 1.451
TNS   : 0.000

Type  : Slow 1200mV 0C Model Removal '60count:inst14|debouncer:b2v_inst19|Smooth'
Slack : 1.513
TNS   : 0.000

Type  : Slow 1200mV 0C Model Minimum Pulse Width 'clock'
Slack : -3.000
TNS   : -37.695

Type  : Slow 1200mV 0C Model Minimum Pulse Width 'ClockSet'
Slack : -3.000
TNS   : -17.135

Type  : Slow 1200mV 0C Model Minimum Pulse Width '60count:inst14|debouncer:b2v_inst19|clock_divider_1024:b2v_inst|inst10'
Slack : -1.285
TNS   : -12.850

Type  : Slow 1200mV 0C Model Minimum Pulse Width 'debouncer:hrsetdebounce|clock_divider_1024:b2v_inst|inst10'
Slack : -1.285
TNS   : -12.850

Type  : Slow 1200mV 0C Model Minimum Pulse Width 'debouncer:inst32|clock_divider_1024:b2v_inst|inst10'
Slack : -1.285
TNS   : -12.850

Type  : Slow 1200mV 0C Model Minimum Pulse Width 'fullClock:HrClock|debouncer:b2v_inst12|clock_divider_1024:b2v_inst|inst10'
Slack : -1.285
TNS   : -12.850

Type  : Slow 1200mV 0C Model Minimum Pulse Width 'clockGenerator:inst1|divide_by_2:b2v_inst12|divide_by_2'
Slack : -1.285
TNS   : -10.280

Type  : Slow 1200mV 0C Model Minimum Pulse Width '60count:inst14|debouncer:b2v_inst19|Smooth'
Slack : -1.285
TNS   : -7.710

Type  : Slow 1200mV 0C Model Minimum Pulse Width 'fullClock:HrClock|debouncer:b2v_inst12|Smooth'
Slack : -1.285
TNS   : -6.425

Type  : Slow 1200mV 0C Model Minimum Pulse Width 'clockGenerator:inst1|divide_by_10:b2v_inst1|divide_by_2:b2v_div2|divide_by_2'
Slack : -1.285
TNS   : -3.855

Type  : Slow 1200mV 0C Model Minimum Pulse Width 'clockGenerator:inst1|divide_by_10:b2v_inst2|divide_by_2:b2v_div2|divide_by_2'
Slack : -1.285
TNS   : -3.855

Type  : Slow 1200mV 0C Model Minimum Pulse Width 'clockGenerator:inst1|divide_by_10:b2v_inst3|divide_by_2:b2v_div2|divide_by_2'
Slack : -1.285
TNS   : -3.855

Type  : Slow 1200mV 0C Model Minimum Pulse Width 'clockGenerator:inst1|divide_by_10:b2v_inst4|divide_by_2:b2v_div2|divide_by_2'
Slack : -1.285
TNS   : -3.855

Type  : Slow 1200mV 0C Model Minimum Pulse Width 'clockGenerator:inst1|divide_by_10:b2v_inst5|divide_by_2:b2v_div2|divide_by_2'
Slack : -1.285
TNS   : -3.855

Type  : Slow 1200mV 0C Model Minimum Pulse Width 'clockGenerator:inst1|divide_by_10:b2v_inst7|divide_by_2:b2v_div2|divide_by_2'
Slack : -1.285
TNS   : -3.855

Type  : Slow 1200mV 0C Model Minimum Pulse Width 'clockGenerator:inst1|divide_by_10:b2v_int6|divide_by_2:b2v_div2|divide_by_2'
Slack : -1.285
TNS   : -3.855

Type  : Slow 1200mV 0C Model Minimum Pulse Width '60count:inst14|debouncer:b2v_inst19|clock_divider_1024:b2v_inst1|inst10'
Slack : -1.285
TNS   : -1.285

Type  : Slow 1200mV 0C Model Minimum Pulse Width 'clockGenerator:inst1|divide_by_10:b2v_inst1|divide_by_5:b2v_div5|SYNTHESIZED_WIRE_10'
Slack : -1.285
TNS   : -1.285

Type  : Slow 1200mV 0C Model Minimum Pulse Width 'clockGenerator:inst1|divide_by_10:b2v_inst2|divide_by_5:b2v_div5|SYNTHESIZED_WIRE_10'
Slack : -1.285
TNS   : -1.285

Type  : Slow 1200mV 0C Model Minimum Pulse Width 'clockGenerator:inst1|divide_by_10:b2v_inst3|divide_by_5:b2v_div5|SYNTHESIZED_WIRE_10'
Slack : -1.285
TNS   : -1.285

Type  : Slow 1200mV 0C Model Minimum Pulse Width 'clockGenerator:inst1|divide_by_10:b2v_inst4|divide_by_5:b2v_div5|SYNTHESIZED_WIRE_10'
Slack : -1.285
TNS   : -1.285

Type  : Slow 1200mV 0C Model Minimum Pulse Width 'clockGenerator:inst1|divide_by_10:b2v_inst5|divide_by_5:b2v_div5|SYNTHESIZED_WIRE_10'
Slack : -1.285
TNS   : -1.285

Type  : Slow 1200mV 0C Model Minimum Pulse Width 'clockGenerator:inst1|divide_by_10:b2v_inst7|divide_by_5:b2v_div5|SYNTHESIZED_WIRE_10'
Slack : -1.285
TNS   : -1.285

Type  : Slow 1200mV 0C Model Minimum Pulse Width 'clockGenerator:inst1|divide_by_10:b2v_int6|divide_by_5:b2v_div5|SYNTHESIZED_WIRE_10'
Slack : -1.285
TNS   : -1.285

Type  : Slow 1200mV 0C Model Minimum Pulse Width 'clockGenerator:inst1|divide_by_5:b2v_inst|SYNTHESIZED_WIRE_10'
Slack : -1.285
TNS   : -1.285

Type  : Slow 1200mV 0C Model Minimum Pulse Width 'debouncer:hrsetdebounce|clock_divider_1024:b2v_inst1|inst10'
Slack : -1.285
TNS   : -1.285

Type  : Slow 1200mV 0C Model Minimum Pulse Width 'debouncer:inst32|clock_divider_1024:b2v_inst1|inst10'
Slack : -1.285
TNS   : -1.285

Type  : Slow 1200mV 0C Model Minimum Pulse Width 'fullClock:HrClock|debouncer:b2v_inst12|clock_divider_1024:b2v_inst1|inst10'
Slack : -1.285
TNS   : -1.285

Type  : Fast 1200mV 0C Model Setup 'ClockSet'
Slack : -1.278
TNS   : -4.885

Type  : Fast 1200mV 0C Model Setup 'clock'
Slack : -0.811
TNS   : -3.091

Type  : Fast 1200mV 0C Model Setup 'fullClock:HrClock|debouncer:b2v_inst12|clock_divider_1024:b2v_inst|inst10'
Slack : -0.657
TNS   : -0.657

Type  : Fast 1200mV 0C Model Setup '60count:inst14|debouncer:b2v_inst19|clock_divider_1024:b2v_inst|inst10'
Slack : -0.631
TNS   : -0.631

Type  : Fast 1200mV 0C Model Setup 'debouncer:hrsetdebounce|clock_divider_1024:b2v_inst|inst10'
Slack : -0.600
TNS   : -0.600

Type  : Fast 1200mV 0C Model Setup 'debouncer:inst32|clock_divider_1024:b2v_inst|inst10'
Slack : -0.593
TNS   : -0.593

Type  : Fast 1200mV 0C Model Setup 'clockGenerator:inst1|divide_by_10:b2v_inst3|divide_by_2:b2v_div2|divide_by_2'
Slack : -0.149
TNS   : -0.149

Type  : Fast 1200mV 0C Model Setup '60count:inst14|debouncer:b2v_inst19|Smooth'
Slack : -0.108
TNS   : -0.146

Type  : Fast 1200mV 0C Model Setup 'clockGenerator:inst1|divide_by_10:b2v_inst5|divide_by_2:b2v_div2|divide_by_2'
Slack : -0.060
TNS   : -0.060

Type  : Fast 1200mV 0C Model Setup 'clockGenerator:inst1|divide_by_10:b2v_inst1|divide_by_2:b2v_div2|divide_by_2'
Slack : -0.053
TNS   : -0.074

Type  : Fast 1200mV 0C Model Setup 'clockGenerator:inst1|divide_by_10:b2v_inst7|divide_by_2:b2v_div2|divide_by_2'
Slack : -0.044
TNS   : -0.044

Type  : Fast 1200mV 0C Model Setup 'clockGenerator:inst1|divide_by_10:b2v_int6|divide_by_2:b2v_div2|divide_by_2'
Slack : -0.039
TNS   : -0.039

Type  : Fast 1200mV 0C Model Setup 'clockGenerator:inst1|divide_by_10:b2v_inst4|divide_by_2:b2v_div2|divide_by_2'
Slack : -0.038
TNS   : -0.038

Type  : Fast 1200mV 0C Model Setup 'fullClock:HrClock|debouncer:b2v_inst12|Smooth'
Slack : -0.004
TNS   : -0.004

Type  : Fast 1200mV 0C Model Setup 'clockGenerator:inst1|divide_by_10:b2v_int6|divide_by_5:b2v_div5|SYNTHESIZED_WIRE_10'
Slack : 0.008
TNS   : 0.000

Type  : Fast 1200mV 0C Model Setup 'clockGenerator:inst1|divide_by_2:b2v_inst12|divide_by_2'
Slack : 0.016
TNS   : 0.000

Type  : Fast 1200mV 0C Model Setup 'clockGenerator:inst1|divide_by_10:b2v_inst2|divide_by_5:b2v_div5|SYNTHESIZED_WIRE_10'
Slack : 0.040
TNS   : 0.000

Type  : Fast 1200mV 0C Model Setup 'clockGenerator:inst1|divide_by_10:b2v_inst2|divide_by_2:b2v_div2|divide_by_2'
Slack : 0.059
TNS   : 0.000

Type  : Fast 1200mV 0C Model Setup 'clockGenerator:inst1|divide_by_10:b2v_inst1|divide_by_5:b2v_div5|SYNTHESIZED_WIRE_10'
Slack : 0.071
TNS   : 0.000

Type  : Fast 1200mV 0C Model Setup 'clockGenerator:inst1|divide_by_5:b2v_inst|SYNTHESIZED_WIRE_10'
Slack : 0.076
TNS   : 0.000

Type  : Fast 1200mV 0C Model Setup 'clockGenerator:inst1|divide_by_10:b2v_inst4|divide_by_5:b2v_div5|SYNTHESIZED_WIRE_10'
Slack : 0.127
TNS   : 0.000

Type  : Fast 1200mV 0C Model Setup 'clockGenerator:inst1|divide_by_10:b2v_inst7|divide_by_5:b2v_div5|SYNTHESIZED_WIRE_10'
Slack : 0.186
TNS   : 0.000

Type  : Fast 1200mV 0C Model Setup 'clockGenerator:inst1|divide_by_10:b2v_inst3|divide_by_5:b2v_div5|SYNTHESIZED_WIRE_10'
Slack : 0.214
TNS   : 0.000

Type  : Fast 1200mV 0C Model Setup 'clockGenerator:inst1|divide_by_10:b2v_inst5|divide_by_5:b2v_div5|SYNTHESIZED_WIRE_10'
Slack : 0.224
TNS   : 0.000

Type  : Fast 1200mV 0C Model Hold 'clockGenerator:inst1|divide_by_10:b2v_inst5|divide_by_5:b2v_div5|SYNTHESIZED_WIRE_10'
Slack : 0.011
TNS   : 0.000

Type  : Fast 1200mV 0C Model Hold 'clockGenerator:inst1|divide_by_10:b2v_inst7|divide_by_5:b2v_div5|SYNTHESIZED_WIRE_10'
Slack : 0.036
TNS   : 0.000

Type  : Fast 1200mV 0C Model Hold 'clockGenerator:inst1|divide_by_10:b2v_inst4|divide_by_5:b2v_div5|SYNTHESIZED_WIRE_10'
Slack : 0.097
TNS   : 0.000

Type  : Fast 1200mV 0C Model Hold 'clockGenerator:inst1|divide_by_10:b2v_inst4|divide_by_2:b2v_div2|divide_by_2'
Slack : 0.116
TNS   : 0.000

Type  : Fast 1200mV 0C Model Hold 'clockGenerator:inst1|divide_by_10:b2v_inst3|divide_by_5:b2v_div5|SYNTHESIZED_WIRE_10'
Slack : 0.144
TNS   : 0.000

Type  : Fast 1200mV 0C Model Hold 'clockGenerator:inst1|divide_by_10:b2v_inst2|divide_by_2:b2v_div2|divide_by_2'
Slack : 0.157
TNS   : 0.000

Type  : Fast 1200mV 0C Model Hold 'clockGenerator:inst1|divide_by_10:b2v_inst2|divide_by_5:b2v_div5|SYNTHESIZED_WIRE_10'
Slack : 0.159
TNS   : 0.000

Type  : Fast 1200mV 0C Model Hold 'clockGenerator:inst1|divide_by_5:b2v_inst|SYNTHESIZED_WIRE_10'
Slack : 0.167
TNS   : 0.000

Type  : Fast 1200mV 0C Model Hold 'clock'
Slack : 0.180
TNS   : 0.000

Type  : Fast 1200mV 0C Model Hold '60count:inst14|debouncer:b2v_inst19|clock_divider_1024:b2v_inst|inst10'
Slack : 0.181
TNS   : 0.000

Type  : Fast 1200mV 0C Model Hold 'ClockSet'
Slack : 0.181
TNS   : 0.000

Type  : Fast 1200mV 0C Model Hold 'debouncer:hrsetdebounce|clock_divider_1024:b2v_inst|inst10'
Slack : 0.181
TNS   : 0.000

Type  : Fast 1200mV 0C Model Hold 'fullClock:HrClock|debouncer:b2v_inst12|clock_divider_1024:b2v_inst|inst10'
Slack : 0.181
TNS   : 0.000

Type  : Fast 1200mV 0C Model Hold 'clockGenerator:inst1|divide_by_2:b2v_inst12|divide_by_2'
Slack : 0.182
TNS   : 0.000

Type  : Fast 1200mV 0C Model Hold 'clockGenerator:inst1|divide_by_10:b2v_inst7|divide_by_2:b2v_div2|divide_by_2'
Slack : 0.183
TNS   : 0.000

Type  : Fast 1200mV 0C Model Hold 'debouncer:inst32|clock_divider_1024:b2v_inst|inst10'
Slack : 0.183
TNS   : 0.000

Type  : Fast 1200mV 0C Model Hold 'clockGenerator:inst1|divide_by_10:b2v_inst3|divide_by_2:b2v_div2|divide_by_2'
Slack : 0.201
TNS   : 0.000

Type  : Fast 1200mV 0C Model Hold 'clockGenerator:inst1|divide_by_10:b2v_inst1|divide_by_2:b2v_div2|divide_by_2'
Slack : 0.206
TNS   : 0.000

Type  : Fast 1200mV 0C Model Hold 'clockGenerator:inst1|divide_by_10:b2v_int6|divide_by_2:b2v_div2|divide_by_2'
Slack : 0.212
TNS   : 0.000

Type  : Fast 1200mV 0C Model Hold 'clockGenerator:inst1|divide_by_10:b2v_inst5|divide_by_2:b2v_div2|divide_by_2'
Slack : 0.225
TNS   : 0.000

Type  : Fast 1200mV 0C Model Hold 'clockGenerator:inst1|divide_by_10:b2v_inst1|divide_by_5:b2v_div5|SYNTHESIZED_WIRE_10'
Slack : 0.233
TNS   : 0.000

Type  : Fast 1200mV 0C Model Hold 'clockGenerator:inst1|divide_by_10:b2v_int6|divide_by_5:b2v_div5|SYNTHESIZED_WIRE_10'
Slack : 0.257
TNS   : 0.000

Type  : Fast 1200mV 0C Model Hold '60count:inst14|debouncer:b2v_inst19|Smooth'
Slack : 0.365
TNS   : 0.000

Type  : Fast 1200mV 0C Model Hold 'fullClock:HrClock|debouncer:b2v_inst12|Smooth'
Slack : 0.567
TNS   : 0.000

Type  : Fast 1200mV 0C Model Recovery 'ClockSet'
Slack : -1.224
TNS   : -4.894

Type  : Fast 1200mV 0C Model Recovery 'clock'
Slack : -0.633
TNS   : -1.712

Type  : Fast 1200mV 0C Model Recovery '60count:inst14|debouncer:b2v_inst19|Smooth'
Slack : -0.306
TNS   : -1.836

Type  : Fast 1200mV 0C Model Recovery 'clockGenerator:inst1|divide_by_2:b2v_inst12|divide_by_2'
Slack : -0.210
TNS   : -0.994

Type  : Fast 1200mV 0C Model Recovery 'clockGenerator:inst1|divide_by_10:b2v_inst5|divide_by_2:b2v_div2|divide_by_2'
Slack : -0.050
TNS   : -0.150

Type  : Fast 1200mV 0C Model Recovery 'clockGenerator:inst1|divide_by_10:b2v_inst7|divide_by_2:b2v_div2|divide_by_2'
Slack : -0.032
TNS   : -0.095

Type  : Fast 1200mV 0C Model Recovery 'clockGenerator:inst1|divide_by_10:b2v_inst4|divide_by_2:b2v_div2|divide_by_2'
Slack : -0.028
TNS   : -0.081

Type  : Fast 1200mV 0C Model Recovery 'fullClock:HrClock|debouncer:b2v_inst12|Smooth'
Slack : -0.020
TNS   : -0.100

Type  : Fast 1200mV 0C Model Recovery 'clockGenerator:inst1|divide_by_10:b2v_int6|divide_by_2:b2v_div2|divide_by_2'
Slack : -0.006
TNS   : -0.018

Type  : Fast 1200mV 0C Model Recovery 'clockGenerator:inst1|divide_by_10:b2v_inst1|divide_by_2:b2v_div2|divide_by_2'
Slack : 0.002
TNS   : 0.000

Type  : Fast 1200mV 0C Model Recovery 'clockGenerator:inst1|divide_by_10:b2v_inst3|divide_by_2:b2v_div2|divide_by_2'
Slack : 0.007
TNS   : 0.000

Type  : Fast 1200mV 0C Model Recovery 'clockGenerator:inst1|divide_by_10:b2v_inst2|divide_by_2:b2v_div2|divide_by_2'
Slack : 0.038
TNS   : 0.000

Type  : Fast 1200mV 0C Model Removal 'ClockSet'
Slack : 0.126
TNS   : 0.000

Type  : Fast 1200mV 0C Model Removal 'clockGenerator:inst1|divide_by_10:b2v_inst2|divide_by_2:b2v_div2|divide_by_2'
Slack : 0.193
TNS   : 0.000

Type  : Fast 1200mV 0C Model Removal 'clockGenerator:inst1|divide_by_10:b2v_inst4|divide_by_2:b2v_div2|divide_by_2'
Slack : 0.217
TNS   : 0.000

Type  : Fast 1200mV 0C Model Removal 'clockGenerator:inst1|divide_by_10:b2v_inst3|divide_by_2:b2v_div2|divide_by_2'
Slack : 0.267
TNS   : 0.000

Type  : Fast 1200mV 0C Model Removal 'clockGenerator:inst1|divide_by_10:b2v_inst1|divide_by_2:b2v_div2|divide_by_2'
Slack : 0.268
TNS   : 0.000

Type  : Fast 1200mV 0C Model Removal 'clockGenerator:inst1|divide_by_10:b2v_int6|divide_by_2:b2v_div2|divide_by_2'
Slack : 0.281
TNS   : 0.000

Type  : Fast 1200mV 0C Model Removal 'clockGenerator:inst1|divide_by_10:b2v_inst7|divide_by_2:b2v_div2|divide_by_2'
Slack : 0.283
TNS   : 0.000

Type  : Fast 1200mV 0C Model Removal 'clockGenerator:inst1|divide_by_10:b2v_inst5|divide_by_2:b2v_div2|divide_by_2'
Slack : 0.311
TNS   : 0.000

Type  : Fast 1200mV 0C Model Removal 'clock'
Slack : 0.402
TNS   : 0.000

Type  : Fast 1200mV 0C Model Removal 'clockGenerator:inst1|divide_by_2:b2v_inst12|divide_by_2'
Slack : 0.576
TNS   : 0.000

Type  : Fast 1200mV 0C Model Removal 'fullClock:HrClock|debouncer:b2v_inst12|Smooth'
Slack : 0.699
TNS   : 0.000

Type  : Fast 1200mV 0C Model Removal '60count:inst14|debouncer:b2v_inst19|Smooth'
Slack : 0.779
TNS   : 0.000

Type  : Fast 1200mV 0C Model Minimum Pulse Width 'clock'
Slack : -3.000
TNS   : -31.524

Type  : Fast 1200mV 0C Model Minimum Pulse Width 'ClockSet'
Slack : -3.000
TNS   : -16.696

Type  : Fast 1200mV 0C Model Minimum Pulse Width '60count:inst14|debouncer:b2v_inst19|clock_divider_1024:b2v_inst|inst10'
Slack : -1.000
TNS   : -10.000

Type  : Fast 1200mV 0C Model Minimum Pulse Width 'debouncer:hrsetdebounce|clock_divider_1024:b2v_inst|inst10'
Slack : -1.000
TNS   : -10.000

Type  : Fast 1200mV 0C Model Minimum Pulse Width 'debouncer:inst32|clock_divider_1024:b2v_inst|inst10'
Slack : -1.000
TNS   : -10.000

Type  : Fast 1200mV 0C Model Minimum Pulse Width 'fullClock:HrClock|debouncer:b2v_inst12|clock_divider_1024:b2v_inst|inst10'
Slack : -1.000
TNS   : -10.000

Type  : Fast 1200mV 0C Model Minimum Pulse Width 'clockGenerator:inst1|divide_by_2:b2v_inst12|divide_by_2'
Slack : -1.000
TNS   : -8.000

Type  : Fast 1200mV 0C Model Minimum Pulse Width '60count:inst14|debouncer:b2v_inst19|Smooth'
Slack : -1.000
TNS   : -6.000

Type  : Fast 1200mV 0C Model Minimum Pulse Width 'fullClock:HrClock|debouncer:b2v_inst12|Smooth'
Slack : -1.000
TNS   : -5.000

Type  : Fast 1200mV 0C Model Minimum Pulse Width 'clockGenerator:inst1|divide_by_10:b2v_inst1|divide_by_2:b2v_div2|divide_by_2'
Slack : -1.000
TNS   : -3.000

Type  : Fast 1200mV 0C Model Minimum Pulse Width 'clockGenerator:inst1|divide_by_10:b2v_inst2|divide_by_2:b2v_div2|divide_by_2'
Slack : -1.000
TNS   : -3.000

Type  : Fast 1200mV 0C Model Minimum Pulse Width 'clockGenerator:inst1|divide_by_10:b2v_inst3|divide_by_2:b2v_div2|divide_by_2'
Slack : -1.000
TNS   : -3.000

Type  : Fast 1200mV 0C Model Minimum Pulse Width 'clockGenerator:inst1|divide_by_10:b2v_inst4|divide_by_2:b2v_div2|divide_by_2'
Slack : -1.000
TNS   : -3.000

Type  : Fast 1200mV 0C Model Minimum Pulse Width 'clockGenerator:inst1|divide_by_10:b2v_inst5|divide_by_2:b2v_div2|divide_by_2'
Slack : -1.000
TNS   : -3.000

Type  : Fast 1200mV 0C Model Minimum Pulse Width 'clockGenerator:inst1|divide_by_10:b2v_inst7|divide_by_2:b2v_div2|divide_by_2'
Slack : -1.000
TNS   : -3.000

Type  : Fast 1200mV 0C Model Minimum Pulse Width 'clockGenerator:inst1|divide_by_10:b2v_int6|divide_by_2:b2v_div2|divide_by_2'
Slack : -1.000
TNS   : -3.000

Type  : Fast 1200mV 0C Model Minimum Pulse Width '60count:inst14|debouncer:b2v_inst19|clock_divider_1024:b2v_inst1|inst10'
Slack : -1.000
TNS   : -1.000

Type  : Fast 1200mV 0C Model Minimum Pulse Width 'clockGenerator:inst1|divide_by_10:b2v_inst1|divide_by_5:b2v_div5|SYNTHESIZED_WIRE_10'
Slack : -1.000
TNS   : -1.000

Type  : Fast 1200mV 0C Model Minimum Pulse Width 'clockGenerator:inst1|divide_by_10:b2v_inst2|divide_by_5:b2v_div5|SYNTHESIZED_WIRE_10'
Slack : -1.000
TNS   : -1.000

Type  : Fast 1200mV 0C Model Minimum Pulse Width 'clockGenerator:inst1|divide_by_10:b2v_inst3|divide_by_5:b2v_div5|SYNTHESIZED_WIRE_10'
Slack : -1.000
TNS   : -1.000

Type  : Fast 1200mV 0C Model Minimum Pulse Width 'clockGenerator:inst1|divide_by_10:b2v_inst4|divide_by_5:b2v_div5|SYNTHESIZED_WIRE_10'
Slack : -1.000
TNS   : -1.000

Type  : Fast 1200mV 0C Model Minimum Pulse Width 'clockGenerator:inst1|divide_by_10:b2v_inst5|divide_by_5:b2v_div5|SYNTHESIZED_WIRE_10'
Slack : -1.000
TNS   : -1.000

Type  : Fast 1200mV 0C Model Minimum Pulse Width 'clockGenerator:inst1|divide_by_10:b2v_inst7|divide_by_5:b2v_div5|SYNTHESIZED_WIRE_10'
Slack : -1.000
TNS   : -1.000

Type  : Fast 1200mV 0C Model Minimum Pulse Width 'clockGenerator:inst1|divide_by_10:b2v_int6|divide_by_5:b2v_div5|SYNTHESIZED_WIRE_10'
Slack : -1.000
TNS   : -1.000

Type  : Fast 1200mV 0C Model Minimum Pulse Width 'clockGenerator:inst1|divide_by_5:b2v_inst|SYNTHESIZED_WIRE_10'
Slack : -1.000
TNS   : -1.000

Type  : Fast 1200mV 0C Model Minimum Pulse Width 'debouncer:hrsetdebounce|clock_divider_1024:b2v_inst1|inst10'
Slack : -1.000
TNS   : -1.000

Type  : Fast 1200mV 0C Model Minimum Pulse Width 'debouncer:inst32|clock_divider_1024:b2v_inst1|inst10'
Slack : -1.000
TNS   : -1.000

Type  : Fast 1200mV 0C Model Minimum Pulse Width 'fullClock:HrClock|debouncer:b2v_inst12|clock_divider_1024:b2v_inst1|inst10'
Slack : -1.000
TNS   : -1.000

------------------------------------------------------------
