------------------------------------------------------------
Timing Analyzer Summary
------------------------------------------------------------

Type  : Slow 1200mV 85C Model Setup 'debouncer:inst12|clock_divider_1024:b2v_inst|inst10'
Slack : -2.410
TNS   : -7.121

Type  : Slow 1200mV 85C Model Setup 'board'
Slack : -2.288
TNS   : -6.970

Type  : Slow 1200mV 85C Model Setup 'debouncer:inst12|Smooth'
Slack : -0.420
TNS   : -0.959

Type  : Slow 1200mV 85C Model Hold 'board'
Slack : 0.402
TNS   : 0.000

Type  : Slow 1200mV 85C Model Hold 'debouncer:inst12|clock_divider_1024:b2v_inst|inst10'
Slack : 0.402
TNS   : 0.000

Type  : Slow 1200mV 85C Model Hold 'debouncer:inst12|Smooth'
Slack : 0.404
TNS   : 0.000

Type  : Slow 1200mV 85C Model Recovery 'debouncer:inst12|Smooth'
Slack : -1.017
TNS   : -5.085

Type  : Slow 1200mV 85C Model Removal 'debouncer:inst12|Smooth'
Slack : 1.350
TNS   : 0.000

Type  : Slow 1200mV 85C Model Minimum Pulse Width 'board'
Slack : -3.000
TNS   : -15.850

Type  : Slow 1200mV 85C Model Minimum Pulse Width 'debouncer:inst12|clock_divider_1024:b2v_inst|inst10'
Slack : -1.285
TNS   : -12.850

Type  : Slow 1200mV 85C Model Minimum Pulse Width 'debouncer:inst12|Smooth'
Slack : -1.285
TNS   : -6.425

Type  : Slow 1200mV 85C Model Minimum Pulse Width 'debouncer:inst12|clock_divider_1024:b2v_inst1|inst10'
Slack : -1.285
TNS   : -1.285

Type  : Slow 1200mV 0C Model Setup 'debouncer:inst12|clock_divider_1024:b2v_inst|inst10'
Slack : -2.135
TNS   : -5.557

Type  : Slow 1200mV 0C Model Setup 'board'
Slack : -2.004
TNS   : -5.399

Type  : Slow 1200mV 0C Model Setup 'debouncer:inst12|Smooth'
Slack : -0.279
TNS   : -0.565

Type  : Slow 1200mV 0C Model Hold 'debouncer:inst12|clock_divider_1024:b2v_inst|inst10'
Slack : 0.353
TNS   : 0.000

Type  : Slow 1200mV 0C Model Hold 'board'
Slack : 0.354
TNS   : 0.000

Type  : Slow 1200mV 0C Model Hold 'debouncer:inst12|Smooth'
Slack : 0.355
TNS   : 0.000

Type  : Slow 1200mV 0C Model Recovery 'debouncer:inst12|Smooth'
Slack : -0.822
TNS   : -4.110

Type  : Slow 1200mV 0C Model Removal 'debouncer:inst12|Smooth'
Slack : 1.228
TNS   : 0.000

Type  : Slow 1200mV 0C Model Minimum Pulse Width 'board'
Slack : -3.000
TNS   : -15.850

Type  : Slow 1200mV 0C Model Minimum Pulse Width 'debouncer:inst12|clock_divider_1024:b2v_inst|inst10'
Slack : -1.285
TNS   : -12.850

Type  : Slow 1200mV 0C Model Minimum Pulse Width 'debouncer:inst12|Smooth'
Slack : -1.285
TNS   : -6.425

Type  : Slow 1200mV 0C Model Minimum Pulse Width 'debouncer:inst12|clock_divider_1024:b2v_inst1|inst10'
Slack : -1.285
TNS   : -1.285

Type  : Fast 1200mV 0C Model Setup 'debouncer:inst12|clock_divider_1024:b2v_inst|inst10'
Slack : -0.666
TNS   : -0.666

Type  : Fast 1200mV 0C Model Setup 'board'
Slack : -0.662
TNS   : -0.662

Type  : Fast 1200mV 0C Model Setup 'debouncer:inst12|Smooth'
Slack : 0.311
TNS   : 0.000

Type  : Fast 1200mV 0C Model Hold 'board'
Slack : 0.181
TNS   : 0.000

Type  : Fast 1200mV 0C Model Hold 'debouncer:inst12|clock_divider_1024:b2v_inst|inst10'
Slack : 0.181
TNS   : 0.000

Type  : Fast 1200mV 0C Model Hold 'debouncer:inst12|Smooth'
Slack : 0.182
TNS   : 0.000

Type  : Fast 1200mV 0C Model Recovery 'debouncer:inst12|Smooth'
Slack : 0.007
TNS   : 0.000

Type  : Fast 1200mV 0C Model Removal 'debouncer:inst12|Smooth'
Slack : 0.640
TNS   : 0.000

Type  : Fast 1200mV 0C Model Minimum Pulse Width 'board'
Slack : -3.000
TNS   : -13.620

Type  : Fast 1200mV 0C Model Minimum Pulse Width 'debouncer:inst12|clock_divider_1024:b2v_inst|inst10'
Slack : -1.000
TNS   : -10.000

Type  : Fast 1200mV 0C Model Minimum Pulse Width 'debouncer:inst12|Smooth'
Slack : -1.000
TNS   : -5.000

Type  : Fast 1200mV 0C Model Minimum Pulse Width 'debouncer:inst12|clock_divider_1024:b2v_inst1|inst10'
Slack : -1.000
TNS   : -1.000

------------------------------------------------------------
