------------------------------------------------------------
Timing Analyzer Summary
------------------------------------------------------------

Type  : Slow 1200mV 85C Model Setup 'clock'
Slack : -0.378
TNS   : -0.854

Type  : Slow 1200mV 85C Model Hold 'clock'
Slack : 0.356
TNS   : 0.000

Type  : Slow 1200mV 85C Model Recovery 'clock'
Slack : -1.061
TNS   : -6.366

Type  : Slow 1200mV 85C Model Removal 'clock'
Slack : 1.295
TNS   : 0.000

Type  : Slow 1200mV 85C Model Minimum Pulse Width 'clock'
Slack : -3.000
TNS   : -9.000

Type  : Slow 1200mV 0C Model Setup 'clock'
Slack : -0.231
TNS   : -0.456

Type  : Slow 1200mV 0C Model Hold 'clock'
Slack : 0.310
TNS   : 0.000

Type  : Slow 1200mV 0C Model Recovery 'clock'
Slack : -0.851
TNS   : -5.106

Type  : Slow 1200mV 0C Model Removal 'clock'
Slack : 1.160
TNS   : 0.000

Type  : Slow 1200mV 0C Model Minimum Pulse Width 'clock'
Slack : -3.000
TNS   : -9.000

Type  : Fast 1200mV 0C Model Setup 'clock'
Slack : 0.230
TNS   : 0.000

Type  : Fast 1200mV 0C Model Hold 'clock'
Slack : 0.186
TNS   : 0.000

Type  : Fast 1200mV 0C Model Recovery 'clock'
Slack : -0.155
TNS   : -0.930

Type  : Fast 1200mV 0C Model Removal 'clock'
Slack : 0.712
TNS   : 0.000

Type  : Fast 1200mV 0C Model Minimum Pulse Width 'clock'
Slack : -3.000
TNS   : -9.384

------------------------------------------------------------
